  姝ｅ湪纭畾瑕佽繕鍘熺殑椤圭洰鈥?
  鎵€鏈夐」鐩潎鏄渶鏂扮殑锛屾棤娉曡繕鍘熴€?
C:\Users\huangjian\source\repos\DataBaseAsync\DataBaseAsync\Program.cs(8,7): warning CS0105: 鈥淒ataBaseAsync鈥濈殑 using 鎸囦护浠ュ墠鍦ㄦ鍛藉悕绌洪棿涓嚭鐜拌繃 [C:\Users\huangjian\source\repos\DataBaseAsync\DataBaseAsync\DataBaseAsync.csproj]
C:\Users\huangjian\source\repos\DataBaseAsync\DataBaseAsync\Program.cs(230,28): warning CS8632: 鍙兘鍦?"#nullable" 娉ㄩ噴涓婁笅鏂囧唴鐨勪唬鐮佷腑浣跨敤鍙负 null 鐨勫紩鐢ㄧ被鍨嬬殑娉ㄩ噴銆?[C:\Users\huangjian\source\repos\DataBaseAsync\DataBaseAsync\DataBaseAsync.csproj]
C:\Users\huangjian\source\repos\DataBaseAsync\DataBaseAsync\LeaderDbContext.cs(92,40): error CS1061: 鈥淩eplicationFailureLog鈥濇湭鍖呭惈鈥淥riginalTimestamp鈥濈殑瀹氫箟锛屽苟涓旀壘涓嶅埌鍙帴鍙楃涓€涓€淩eplicationFailureLog鈥濈被鍨嬪弬鏁扮殑鍙闂墿灞曟柟娉曗€淥riginalTimestamp鈥?鏄惁缂哄皯 using 鎸囦护鎴栫▼搴忛泦寮曠敤?) [C:\Users\huangjian\source\repos\DataBaseAsync\DataBaseAsync\DataBaseAsync.csproj]
C:\Users\huangjian\source\repos\DataBaseAsync\DataBaseAsync\LeaderDbContext.cs(93,40): error CS1061: 鈥淩eplicationFailureLog鈥濇湭鍖呭惈鈥淔ailedAt鈥濈殑瀹氫箟锛屽苟涓旀壘涓嶅埌鍙帴鍙楃涓€涓€淩eplicationFailureLog鈥濈被鍨嬪弬鏁扮殑鍙闂墿灞曟柟娉曗€淔ailedAt鈥?鏄惁缂哄皯 using 鎸囦护鎴栫▼搴忛泦寮曠敤?) [C:\Users\huangjian\source\repos\DataBaseAsync\DataBaseAsync\DataBaseAsync.csproj]
C:\Users\huangjian\source\repos\DataBaseAsync\DataBaseAsync\LeaderDbContext.cs(96,40): error CS1061: 鈥淩eplicationFailureLog鈥濇湭鍖呭惈鈥淪ourceServer鈥濈殑瀹氫箟锛屽苟涓旀壘涓嶅埌鍙帴鍙楃涓€涓€淩eplicationFailureLog鈥濈被鍨嬪弬鏁扮殑鍙闂墿灞曟柟娉曗€淪ourceServer鈥?鏄惁缂哄皯 using 鎸囦护鎴栫▼搴忛泦寮曠敤?) [C:\Users\huangjian\source\repos\DataBaseAsync\DataBaseAsync\DataBaseAsync.csproj]
C:\Users\huangjian\source\repos\DataBaseAsync\DataBaseAsync\LeaderDbContext.cs(97,40): error CS1061: 鈥淩eplicationFailureLog鈥濇湭鍖呭惈鈥淥riginalOperationId鈥濈殑瀹氫箟锛屽苟涓旀壘涓嶅埌鍙帴鍙楃涓€涓€淩eplicationFailureLog鈥濈被鍨嬪弬鏁扮殑鍙闂墿灞曟柟娉曗€淥riginalOperationId鈥?鏄惁缂哄皯 using 鎸囦护鎴栫▼搴忛泦寮曠敤?) [C:\Users\huangjian\source\repos\DataBaseAsync\DataBaseAsync\DataBaseAsync.csproj]
C:\Users\huangjian\source\repos\DataBaseAsync\DataBaseAsync\LeaderDbContext.cs(98,40): error CS1061: 鈥淩eplicationFailureLog鈥濇湭鍖呭惈鈥淒irection鈥濈殑瀹氫箟锛屽苟涓旀壘涓嶅埌鍙帴鍙楃涓€涓€淩eplicationFailureLog鈥濈被鍨嬪弬鏁扮殑鍙闂墿灞曟柟娉曗€淒irection鈥?鏄惁缂哄皯 using 鎸囦护鎴栫▼搴忛泦寮曠敤?) [C:\Users\huangjian\source\repos\DataBaseAsync\DataBaseAsync\DataBaseAsync.csproj]
C:\Users\huangjian\source\repos\DataBaseAsync\DataBaseAsync\LeaderDbContext.cs(107,40): error CS1061: 鈥淪yncProgress鈥濇湭鍖呭惈鈥淪ourceServer鈥濈殑瀹氫箟锛屽苟涓旀壘涓嶅埌鍙帴鍙楃涓€涓€淪yncProgress鈥濈被鍨嬪弬鏁扮殑鍙闂墿灞曟柟娉曗€淪ourceServer鈥?鏄惁缂哄皯 using 鎸囦护鎴栫▼搴忛泦寮曠敤?) [C:\Users\huangjian\source\repos\DataBaseAsync\DataBaseAsync\DataBaseAsync.csproj]
C:\Users\huangjian\source\repos\DataBaseAsync\DataBaseAsync\LeaderDbContext.cs(108,40): error CS1061: 鈥淪yncProgress鈥濇湭鍖呭惈鈥淭argetServer鈥濈殑瀹氫箟锛屽苟涓旀壘涓嶅埌鍙帴鍙楃涓€涓€淪yncProgress鈥濈被鍨嬪弬鏁扮殑鍙闂墿灞曟柟娉曗€淭argetServer鈥?鏄惁缂哄皯 using 鎸囦护鎴栫▼搴忛泦寮曠敤?) [C:\Users\huangjian\source\repos\DataBaseAsync\DataBaseAsync\DataBaseAsync.csproj]
C:\Users\huangjian\source\repos\DataBaseAsync\DataBaseAsync\LeaderDbContext.cs(109,40): error CS1061: 鈥淪yncProgress鈥濇湭鍖呭惈鈥淟astSyncedLogId鈥濈殑瀹氫箟锛屽苟涓旀壘涓嶅埌鍙帴鍙楃涓€涓€淪yncProgress鈥濈被鍨嬪弬鏁扮殑鍙闂墿灞曟柟娉曗€淟astSyncedLogId鈥?鏄惁缂哄皯 using 鎸囦护鎴栫▼搴忛泦寮曠敤?) [C:\Users\huangjian\source\repos\DataBaseAsync\DataBaseAsync\DataBaseAsync.csproj]
C:\Users\huangjian\source\repos\DataBaseAsync\DataBaseAsync\LeaderDbContext.cs(111,40): error CS1061: 鈥淪yncProgress鈥濇湭鍖呭惈鈥淒irection鈥濈殑瀹氫箟锛屽苟涓旀壘涓嶅埌鍙帴鍙楃涓€涓€淪yncProgress鈥濈被鍨嬪弬鏁扮殑鍙闂墿灞曟柟娉曗€淒irection鈥?鏄惁缂哄皯 using 鎸囦护鎴栫▼搴忛泦寮曠敤?) [C:\Users\huangjian\source\repos\DataBaseAsync\DataBaseAsync\DataBaseAsync.csproj]
C:\Users\huangjian\source\repos\DataBaseAsync\DataBaseAsync\LeaderDbContext.cs(112,40): error CS1061: 鈥淪yncProgress鈥濇湭鍖呭惈鈥淚sActive鈥濈殑瀹氫箟锛屽苟涓旀壘涓嶅埌鍙帴鍙楃涓€涓€淪yncProgress鈥濈被鍨嬪弬鏁扮殑鍙闂墿灞曟柟娉曗€淚sActive鈥?鏄惁缂哄皯 using 鎸囦护鎴栫▼搴忛泦寮曠敤?) [C:\Users\huangjian\source\repos\DataBaseAsync\DataBaseAsync\DataBaseAsync.csproj]
C:\Users\huangjian\source\repos\DataBaseAsync\DataBaseAsync\LeaderDbContext.cs(115,59): error CS1061: 鈥淪yncProgress鈥濇湭鍖呭惈鈥淪ourceServer鈥濈殑瀹氫箟锛屽苟涓旀壘涓嶅埌鍙帴鍙楃涓€涓€淪yncProgress鈥濈被鍨嬪弬鏁扮殑鍙闂墿灞曟柟娉曗€淪ourceServer鈥?鏄惁缂哄皯 using 鎸囦护鎴栫▼搴忛泦寮曠敤?) [C:\Users\huangjian\source\repos\DataBaseAsync\DataBaseAsync\DataBaseAsync.csproj]
C:\Users\huangjian\source\repos\DataBaseAsync\DataBaseAsync\LeaderDbContext.cs(115,75): error CS1061: 鈥淪yncProgress鈥濇湭鍖呭惈鈥淭argetServer鈥濈殑瀹氫箟锛屽苟涓旀壘涓嶅埌鍙帴鍙楃涓€涓€淪yncProgress鈥濈被鍨嬪弬鏁扮殑鍙闂墿灞曟柟娉曗€淭argetServer鈥?鏄惁缂哄皯 using 鎸囦护鎴栫▼搴忛泦寮曠敤?) [C:\Users\huangjian\source\repos\DataBaseAsync\DataBaseAsync\DataBaseAsync.csproj]
C:\Users\huangjian\source\repos\DataBaseAsync\DataBaseAsync\LeaderDbContext.cs(115,91): error CS1061: 鈥淪yncProgress鈥濇湭鍖呭惈鈥淒irection鈥濈殑瀹氫箟锛屽苟涓旀壘涓嶅埌鍙帴鍙楃涓€涓€淪yncProgress鈥濈被鍨嬪弬鏁扮殑鍙闂墿灞曟柟娉曗€淒irection鈥?鏄惁缂哄皯 using 鎸囦护鎴栫▼搴忛泦寮曠敤?) [C:\Users\huangjian\source\repos\DataBaseAsync\DataBaseAsync\DataBaseAsync.csproj]
C:\Users\huangjian\source\repos\DataBaseAsync\DataBaseAsync\FollowerDbContext.cs(95,40): error CS1061: 鈥淩eplicationFailureLog鈥濇湭鍖呭惈鈥淔irstFailureTime鈥濈殑瀹氫箟锛屽苟涓旀壘涓嶅埌鍙帴鍙楃涓€涓€淩eplicationFailureLog鈥濈被鍨嬪弬鏁扮殑鍙闂墿灞曟柟娉曗€淔irstFailureTime鈥?鏄惁缂哄皯 using 鎸囦护鎴栫▼搴忛泦寮曠敤?) [C:\Users\huangjian\source\repos\DataBaseAsync\DataBaseAsync\DataBaseAsync.csproj]
C:\Users\huangjian\source\repos\DataBaseAsync\DataBaseAsync\FollowerDbContext.cs(96,40): error CS1061: 鈥淩eplicationFailureLog鈥濇湭鍖呭惈鈥淟astFailureTime鈥濈殑瀹氫箟锛屽苟涓旀壘涓嶅埌鍙帴鍙楃涓€涓€淩eplicationFailureLog鈥濈被鍨嬪弬鏁扮殑鍙闂墿灞曟柟娉曗€淟astFailureTime鈥?鏄惁缂哄皯 using 鎸囦护鎴栫▼搴忛泦寮曠敤?) [C:\Users\huangjian\source\repos\DataBaseAsync\DataBaseAsync\DataBaseAsync.csproj]
C:\Users\huangjian\source\repos\DataBaseAsync\DataBaseAsync\FollowerDbContext.cs(97,40): error CS1061: 鈥淩eplicationFailureLog鈥濇湭鍖呭惈鈥淪ourceServer鈥濈殑瀹氫箟锛屽苟涓旀壘涓嶅埌鍙帴鍙楃涓€涓€淩eplicationFailureLog鈥濈被鍨嬪弬鏁扮殑鍙闂墿灞曟柟娉曗€淪ourceServer鈥?鏄惁缂哄皯 using 鎸囦护鎴栫▼搴忛泦寮曠敤?) [C:\Users\huangjian\source\repos\DataBaseAsync\DataBaseAsync\DataBaseAsync.csproj]
C:\Users\huangjian\source\repos\DataBaseAsync\DataBaseAsync\FollowerDbContext.cs(98,40): error CS1061: 鈥淩eplicationFailureLog鈥濇湭鍖呭惈鈥淭argetServer鈥濈殑瀹氫箟锛屽苟涓旀壘涓嶅埌鍙帴鍙楃涓€涓€淩eplicationFailureLog鈥濈被鍨嬪弬鏁扮殑鍙闂墿灞曟柟娉曗€淭argetServer鈥?鏄惁缂哄皯 using 鎸囦护鎴栫▼搴忛泦寮曠敤?) [C:\Users\huangjian\source\repos\DataBaseAsync\DataBaseAsync\DataBaseAsync.csproj]
C:\Users\huangjian\source\repos\DataBaseAsync\DataBaseAsync\FollowerDbContext.cs(99,40): error CS1061: 鈥淩eplicationFailureLog鈥濇湭鍖呭惈鈥淥perationId鈥濈殑瀹氫箟锛屽苟涓旀壘涓嶅埌鍙帴鍙楃涓€涓€淩eplicationFailureLog鈥濈被鍨嬪弬鏁扮殑鍙闂墿灞曟柟娉曗€淥perationId鈥?鏄惁缂哄皯 using 鎸囦护鎴栫▼搴忛泦寮曠敤?) [C:\Users\huangjian\source\repos\DataBaseAsync\DataBaseAsync\DataBaseAsync.csproj]
C:\Users\huangjian\source\repos\DataBaseAsync\DataBaseAsync\FollowerDbContext.cs(108,40): error CS1061: 鈥淪yncProgress鈥濇湭鍖呭惈鈥淪ourceServer鈥濈殑瀹氫箟锛屽苟涓旀壘涓嶅埌鍙帴鍙楃涓€涓€淪yncProgress鈥濈被鍨嬪弬鏁扮殑鍙闂墿灞曟柟娉曗€淪ourceServer鈥?鏄惁缂哄皯 using 鎸囦护鎴栫▼搴忛泦寮曠敤?) [C:\Users\huangjian\source\repos\DataBaseAsync\DataBaseAsync\DataBaseAsync.csproj]
C:\Users\huangjian\source\repos\DataBaseAsync\DataBaseAsync\FollowerDbContext.cs(109,40): error CS1061: 鈥淪yncProgress鈥濇湭鍖呭惈鈥淭argetServer鈥濈殑瀹氫箟锛屽苟涓旀壘涓嶅埌鍙帴鍙楃涓€涓€淪yncProgress鈥濈被鍨嬪弬鏁扮殑鍙闂墿灞曟柟娉曗€淭argetServer鈥?鏄惁缂哄皯 using 鎸囦护鎴栫▼搴忛泦寮曠敤?) [C:\Users\huangjian\source\repos\DataBaseAsync\DataBaseAsync\DataBaseAsync.csproj]
C:\Users\huangjian\source\repos\DataBaseAsync\DataBaseAsync\FollowerDbContext.cs(110,40): error CS1061: 鈥淪yncProgress鈥濇湭鍖呭惈鈥淟astSyncedLogId鈥濈殑瀹氫箟锛屽苟涓旀壘涓嶅埌鍙帴鍙楃涓€涓€淪yncProgress鈥濈被鍨嬪弬鏁扮殑鍙闂墿灞曟柟娉曗€淟astSyncedLogId鈥?鏄惁缂哄皯 using 鎸囦护鎴栫▼搴忛泦寮曠敤?) [C:\Users\huangjian\source\repos\DataBaseAsync\DataBaseAsync\DataBaseAsync.csproj]
C:\Users\huangjian\source\repos\DataBaseAsync\DataBaseAsync\FollowerDbContext.cs(112,40): error CS1061: 鈥淪yncProgress鈥濇湭鍖呭惈鈥淐reatedTime鈥濈殑瀹氫箟锛屽苟涓旀壘涓嶅埌鍙帴鍙楃涓€涓€淪yncProgress鈥濈被鍨嬪弬鏁扮殑鍙闂墿灞曟柟娉曗€淐reatedTime鈥?鏄惁缂哄皯 using 鎸囦护鎴栫▼搴忛泦寮曠敤?) [C:\Users\huangjian\source\repos\DataBaseAsync\DataBaseAsync\DataBaseAsync.csproj]
C:\Users\huangjian\source\repos\DataBaseAsync\DataBaseAsync\FollowerDbContext.cs(113,40): error CS1061: 鈥淪yncProgress鈥濇湭鍖呭惈鈥淯pdatedTime鈥濈殑瀹氫箟锛屽苟涓旀壘涓嶅埌鍙帴鍙楃涓€涓€淪yncProgress鈥濈被鍨嬪弬鏁扮殑鍙闂墿灞曟柟娉曗€淯pdatedTime鈥?鏄惁缂哄皯 using 鎸囦护鎴栫▼搴忛泦寮曠敤?) [C:\Users\huangjian\source\repos\DataBaseAsync\DataBaseAsync\DataBaseAsync.csproj]
C:\Users\huangjian\source\repos\DataBaseAsync\DataBaseAsync\FollowerDbContext.cs(114,59): error CS1061: 鈥淪yncProgress鈥濇湭鍖呭惈鈥淪ourceServer鈥濈殑瀹氫箟锛屽苟涓旀壘涓嶅埌鍙帴鍙楃涓€涓€淪yncProgress鈥濈被鍨嬪弬鏁扮殑鍙闂墿灞曟柟娉曗€淪ourceServer鈥?鏄惁缂哄皯 using 鎸囦护鎴栫▼搴忛泦寮曠敤?) [C:\Users\huangjian\source\repos\DataBaseAsync\DataBaseAsync\DataBaseAsync.csproj]
C:\Users\huangjian\source\repos\DataBaseAsync\DataBaseAsync\FollowerDbContext.cs(114,75): error CS1061: 鈥淪yncProgress鈥濇湭鍖呭惈鈥淭argetServer鈥濈殑瀹氫箟锛屽苟涓旀壘涓嶅埌鍙帴鍙楃涓€涓€淪yncProgress鈥濈被鍨嬪弬鏁扮殑鍙闂墿灞曟柟娉曗€淭argetServer鈥?鏄惁缂哄皯 using 鎸囦护鎴栫▼搴忛泦寮曠敤?) [C:\Users\huangjian\source\repos\DataBaseAsync\DataBaseAsync\DataBaseAsync.csproj]
C:\Users\huangjian\source\repos\DataBaseAsync\DataBaseAsync\Program.cs(80,21): warning CS8632: 鍙兘鍦?"#nullable" 娉ㄩ噴涓婁笅鏂囧唴鐨勪唬鐮佷腑浣跨敤鍙负 null 鐨勫紩鐢ㄧ被鍨嬬殑娉ㄩ噴銆?[C:\Users\huangjian\source\repos\DataBaseAsync\DataBaseAsync\DataBaseAsync.csproj]
C:\Users\huangjian\source\repos\DataBaseAsync\DataBaseAsync\Program.cs(138,22): warning CS8632: 鍙兘鍦?"#nullable" 娉ㄩ噴涓婁笅鏂囧唴鐨勪唬鐮佷腑浣跨敤鍙负 null 鐨勫紩鐢ㄧ被鍨嬬殑娉ㄩ噴銆?[C:\Users\huangjian\source\repos\DataBaseAsync\DataBaseAsync\DataBaseAsync.csproj]
C:\Users\huangjian\source\repos\DataBaseAsync\DataBaseAsync\DatabaseBasedFollowerReplicator.cs(1505,28): warning CS1998: 姝ゅ紓姝ユ柟娉曠己灏?"await" 杩愮畻绗︼紝灏嗕互鍚屾鏂瑰紡杩愯銆傝鑰冭檻浣跨敤 "await" 杩愮畻绗︾瓑寰呴潪闃绘鐨?API 璋冪敤锛屾垨鑰呬娇鐢?"await Task.Run(...)" 鍦ㄥ悗鍙扮嚎绋嬩笂鎵ц鍗犵敤澶ч噺 CPU 鐨勫伐浣溿€?[C:\Users\huangjian\source\repos\DataBaseAsync\DataBaseAsync\DataBaseAsync.csproj]
C:\Users\huangjian\source\repos\DataBaseAsync\DataBaseAsync\DatabaseBasedFollowerReplicator.cs(1800,56): warning CS1998: 姝ゅ紓姝ユ柟娉曠己灏?"await" 杩愮畻绗︼紝灏嗕互鍚屾鏂瑰紡杩愯銆傝鑰冭檻浣跨敤 "await" 杩愮畻绗︾瓑寰呴潪闃绘鐨?API 璋冪敤锛屾垨鑰呬娇鐢?"await Task.Run(...)" 鍦ㄥ悗鍙扮嚎绋嬩笂鎵ц鍗犵敤澶ч噺 CPU 鐨勫伐浣溿€?[C:\Users\huangjian\source\repos\DataBaseAsync\DataBaseAsync\DataBaseAsync.csproj]
C:\Users\huangjian\source\repos\DataBaseAsync\DataBaseAsync\DatabaseBasedFollowerReplicator.cs(2112,49): warning CS1998: 姝ゅ紓姝ユ柟娉曠己灏?"await" 杩愮畻绗︼紝灏嗕互鍚屾鏂瑰紡杩愯銆傝鑰冭檻浣跨敤 "await" 杩愮畻绗︾瓑寰呴潪闃绘鐨?API 璋冪敤锛屾垨鑰呬娇鐢?"await Task.Run(...)" 鍦ㄥ悗鍙扮嚎绋嬩笂鎵ц鍗犵敤澶ч噺 CPU 鐨勫伐浣溿€?[C:\Users\huangjian\source\repos\DataBaseAsync\DataBaseAsync\DataBaseAsync.csproj]
C:\Users\huangjian\source\repos\DataBaseAsync\DataBaseAsync\DatabaseBasedFollowerReplicator.cs(2126,49): warning CS1998: 姝ゅ紓姝ユ柟娉曠己灏?"await" 杩愮畻绗︼紝灏嗕互鍚屾鏂瑰紡杩愯銆傝鑰冭檻浣跨敤 "await" 杩愮畻绗︾瓑寰呴潪闃绘鐨?API 璋冪敤锛屾垨鑰呬娇鐢?"await Task.Run(...)" 鍦ㄥ悗鍙扮嚎绋嬩笂鎵ц鍗犵敤澶ч噺 CPU 鐨勫伐浣溿€?[C:\Users\huangjian\source\repos\DataBaseAsync\DataBaseAsync\DataBaseAsync.csproj]
C:\Users\huangjian\source\repos\DataBaseAsync\DataBaseAsync\DatabaseBasedFollowerReplicator.cs(31,22): warning CS0414: 瀛楁鈥淒atabaseBasedFollowerReplicator._isInitializationMode鈥濆凡琚祴鍊硷紝浣嗕粠鏈娇鐢ㄨ繃瀹冪殑鍊?[C:\Users\huangjian\source\repos\DataBaseAsync\DataBaseAsync\DataBaseAsync.csproj]
C:\Users\huangjian\source\repos\DataBaseAsync\DataBaseAsync\DirectTimeSynchronizationService.cs(165,50): warning CA1416: 鍙湪鎵€鏈夊钩鍙颁笂璁块棶姝よ皟鐢ㄧ珯鐐广€?WindowsPrincipal" 浠呭湪 'windows' 涓婂彈鏀寔銆?(https://learn.microsoft.com/dotnet/fundamentals/code-analysis/quality-rules/ca1416) [C:\Users\huangjian\source\repos\DataBaseAsync\DataBaseAsync\DataBaseAsync.csproj]
C:\Users\huangjian\source\repos\DataBaseAsync\DataBaseAsync\DirectTimeSynchronizationService.cs(166,47): warning CA1416: 鍙湪鎵€鏈夊钩鍙颁笂璁块棶姝よ皟鐢ㄧ珯鐐广€?WindowsBuiltInRole.Administrator" 浠呭湪 'windows' 涓婂彈鏀寔銆?(https://learn.microsoft.com/dotnet/fundamentals/code-analysis/quality-rules/ca1416) [C:\Users\huangjian\source\repos\DataBaseAsync\DataBaseAsync\DataBaseAsync.csproj]
C:\Users\huangjian\source\repos\DataBaseAsync\DataBaseAsync\DirectTimeSynchronizationService.cs(163,51): warning CA1416: 鍙湪鎵€鏈夊钩鍙颁笂璁块棶姝よ皟鐢ㄧ珯鐐广€?WindowsIdentity.GetCurrent()" 浠呭湪 'windows' 涓婂彈鏀寔銆?(https://learn.microsoft.com/dotnet/fundamentals/code-analysis/quality-rules/ca1416) [C:\Users\huangjian\source\repos\DataBaseAsync\DataBaseAsync\DataBaseAsync.csproj]
C:\Users\huangjian\source\repos\DataBaseAsync\DataBaseAsync\DirectTimeSynchronizationService.cs(166,28): warning CA1416: 鍙湪鎵€鏈夊钩鍙颁笂璁块棶姝よ皟鐢ㄧ珯鐐广€?WindowsPrincipal.IsInRole(WindowsBuiltInRole)" 浠呭湪 'windows' 涓婂彈鏀寔銆?(https://learn.microsoft.com/dotnet/fundamentals/code-analysis/quality-rules/ca1416) [C:\Users\huangjian\source\repos\DataBaseAsync\DataBaseAsync\DataBaseAsync.csproj]

鐢熸垚澶辫触銆?

C:\Users\huangjian\source\repos\DataBaseAsync\DataBaseAsync\Program.cs(8,7): warning CS0105: 鈥淒ataBaseAsync鈥濈殑 using 鎸囦护浠ュ墠鍦ㄦ鍛藉悕绌洪棿涓嚭鐜拌繃 [C:\Users\huangjian\source\repos\DataBaseAsync\DataBaseAsync\DataBaseAsync.csproj]
C:\Users\huangjian\source\repos\DataBaseAsync\DataBaseAsync\Program.cs(230,28): warning CS8632: 鍙兘鍦?"#nullable" 娉ㄩ噴涓婁笅鏂囧唴鐨勪唬鐮佷腑浣跨敤鍙负 null 鐨勫紩鐢ㄧ被鍨嬬殑娉ㄩ噴銆?[C:\Users\huangjian\source\repos\DataBaseAsync\DataBaseAsync\DataBaseAsync.csproj]
C:\Users\huangjian\source\repos\DataBaseAsync\DataBaseAsync\Program.cs(80,21): warning CS8632: 鍙兘鍦?"#nullable" 娉ㄩ噴涓婁笅鏂囧唴鐨勪唬鐮佷腑浣跨敤鍙负 null 鐨勫紩鐢ㄧ被鍨嬬殑娉ㄩ噴銆?[C:\Users\huangjian\source\repos\DataBaseAsync\DataBaseAsync\DataBaseAsync.csproj]
C:\Users\huangjian\source\repos\DataBaseAsync\DataBaseAsync\Program.cs(138,22): warning CS8632: 鍙兘鍦?"#nullable" 娉ㄩ噴涓婁笅鏂囧唴鐨勪唬鐮佷腑浣跨敤鍙负 null 鐨勫紩鐢ㄧ被鍨嬬殑娉ㄩ噴銆?[C:\Users\huangjian\source\repos\DataBaseAsync\DataBaseAsync\DataBaseAsync.csproj]
C:\Users\huangjian\source\repos\DataBaseAsync\DataBaseAsync\DatabaseBasedFollowerReplicator.cs(1505,28): warning CS1998: 姝ゅ紓姝ユ柟娉曠己灏?"await" 杩愮畻绗︼紝灏嗕互鍚屾鏂瑰紡杩愯銆傝鑰冭檻浣跨敤 "await" 杩愮畻绗︾瓑寰呴潪闃绘鐨?API 璋冪敤锛屾垨鑰呬娇鐢?"await Task.Run(...)" 鍦ㄥ悗鍙扮嚎绋嬩笂鎵ц鍗犵敤澶ч噺 CPU 鐨勫伐浣溿€?[C:\Users\huangjian\source\repos\DataBaseAsync\DataBaseAsync\DataBaseAsync.csproj]
C:\Users\huangjian\source\repos\DataBaseAsync\DataBaseAsync\DatabaseBasedFollowerReplicator.cs(1800,56): warning CS1998: 姝ゅ紓姝ユ柟娉曠己灏?"await" 杩愮畻绗︼紝灏嗕互鍚屾鏂瑰紡杩愯銆傝鑰冭檻浣跨敤 "await" 杩愮畻绗︾瓑寰呴潪闃绘鐨?API 璋冪敤锛屾垨鑰呬娇鐢?"await Task.Run(...)" 鍦ㄥ悗鍙扮嚎绋嬩笂鎵ц鍗犵敤澶ч噺 CPU 鐨勫伐浣溿€?[C:\Users\huangjian\source\repos\DataBaseAsync\DataBaseAsync\DataBaseAsync.csproj]
C:\Users\huangjian\source\repos\DataBaseAsync\DataBaseAsync\DatabaseBasedFollowerReplicator.cs(2112,49): warning CS1998: 姝ゅ紓姝ユ柟娉曠己灏?"await" 杩愮畻绗︼紝灏嗕互鍚屾鏂瑰紡杩愯銆傝鑰冭檻浣跨敤 "await" 杩愮畻绗︾瓑寰呴潪闃绘鐨?API 璋冪敤锛屾垨鑰呬娇鐢?"await Task.Run(...)" 鍦ㄥ悗鍙扮嚎绋嬩笂鎵ц鍗犵敤澶ч噺 CPU 鐨勫伐浣溿€?[C:\Users\huangjian\source\repos\DataBaseAsync\DataBaseAsync\DataBaseAsync.csproj]
C:\Users\huangjian\source\repos\DataBaseAsync\DataBaseAsync\DatabaseBasedFollowerReplicator.cs(2126,49): warning CS1998: 姝ゅ紓姝ユ柟娉曠己灏?"await" 杩愮畻绗︼紝灏嗕互鍚屾鏂瑰紡杩愯銆傝鑰冭檻浣跨敤 "await" 杩愮畻绗︾瓑寰呴潪闃绘鐨?API 璋冪敤锛屾垨鑰呬娇鐢?"await Task.Run(...)" 鍦ㄥ悗鍙扮嚎绋嬩笂鎵ц鍗犵敤澶ч噺 CPU 鐨勫伐浣溿€?[C:\Users\huangjian\source\repos\DataBaseAsync\DataBaseAsync\DataBaseAsync.csproj]
C:\Users\huangjian\source\repos\DataBaseAsync\DataBaseAsync\DatabaseBasedFollowerReplicator.cs(31,22): warning CS0414: 瀛楁鈥淒atabaseBasedFollowerReplicator._isInitializationMode鈥濆凡琚祴鍊硷紝浣嗕粠鏈娇鐢ㄨ繃瀹冪殑鍊?[C:\Users\huangjian\source\repos\DataBaseAsync\DataBaseAsync\DataBaseAsync.csproj]
C:\Users\huangjian\source\repos\DataBaseAsync\DataBaseAsync\DirectTimeSynchronizationService.cs(165,50): warning CA1416: 鍙湪鎵€鏈夊钩鍙颁笂璁块棶姝よ皟鐢ㄧ珯鐐广€?WindowsPrincipal" 浠呭湪 'windows' 涓婂彈鏀寔銆?(https://learn.microsoft.com/dotnet/fundamentals/code-analysis/quality-rules/ca1416) [C:\Users\huangjian\source\repos\DataBaseAsync\DataBaseAsync\DataBaseAsync.csproj]
C:\Users\huangjian\source\repos\DataBaseAsync\DataBaseAsync\DirectTimeSynchronizationService.cs(166,47): warning CA1416: 鍙湪鎵€鏈夊钩鍙颁笂璁块棶姝よ皟鐢ㄧ珯鐐广€?WindowsBuiltInRole.Administrator" 浠呭湪 'windows' 涓婂彈鏀寔銆?(https://learn.microsoft.com/dotnet/fundamentals/code-analysis/quality-rules/ca1416) [C:\Users\huangjian\source\repos\DataBaseAsync\DataBaseAsync\DataBaseAsync.csproj]
C:\Users\huangjian\source\repos\DataBaseAsync\DataBaseAsync\DirectTimeSynchronizationService.cs(163,51): warning CA1416: 鍙湪鎵€鏈夊钩鍙颁笂璁块棶姝よ皟鐢ㄧ珯鐐广€?WindowsIdentity.GetCurrent()" 浠呭湪 'windows' 涓婂彈鏀寔銆?(https://learn.microsoft.com/dotnet/fundamentals/code-analysis/quality-rules/ca1416) [C:\Users\huangjian\source\repos\DataBaseAsync\DataBaseAsync\DataBaseAsync.csproj]
C:\Users\huangjian\source\repos\DataBaseAsync\DataBaseAsync\DirectTimeSynchronizationService.cs(166,28): warning CA1416: 鍙湪鎵€鏈夊钩鍙颁笂璁块棶姝よ皟鐢ㄧ珯鐐广€?WindowsPrincipal.IsInRole(WindowsBuiltInRole)" 浠呭湪 'windows' 涓婂彈鏀寔銆?(https://learn.microsoft.com/dotnet/fundamentals/code-analysis/quality-rules/ca1416) [C:\Users\huangjian\source\repos\DataBaseAsync\DataBaseAsync\DataBaseAsync.csproj]
C:\Users\huangjian\source\repos\DataBaseAsync\DataBaseAsync\LeaderDbContext.cs(92,40): error CS1061: 鈥淩eplicationFailureLog鈥濇湭鍖呭惈鈥淥riginalTimestamp鈥濈殑瀹氫箟锛屽苟涓旀壘涓嶅埌鍙帴鍙楃涓€涓€淩eplicationFailureLog鈥濈被鍨嬪弬鏁扮殑鍙闂墿灞曟柟娉曗€淥riginalTimestamp鈥?鏄惁缂哄皯 using 鎸囦护鎴栫▼搴忛泦寮曠敤?) [C:\Users\huangjian\source\repos\DataBaseAsync\DataBaseAsync\DataBaseAsync.csproj]
C:\Users\huangjian\source\repos\DataBaseAsync\DataBaseAsync\LeaderDbContext.cs(93,40): error CS1061: 鈥淩eplicationFailureLog鈥濇湭鍖呭惈鈥淔ailedAt鈥濈殑瀹氫箟锛屽苟涓旀壘涓嶅埌鍙帴鍙楃涓€涓€淩eplicationFailureLog鈥濈被鍨嬪弬鏁扮殑鍙闂墿灞曟柟娉曗€淔ailedAt鈥?鏄惁缂哄皯 using 鎸囦护鎴栫▼搴忛泦寮曠敤?) [C:\Users\huangjian\source\repos\DataBaseAsync\DataBaseAsync\DataBaseAsync.csproj]
C:\Users\huangjian\source\repos\DataBaseAsync\DataBaseAsync\LeaderDbContext.cs(96,40): error CS1061: 鈥淩eplicationFailureLog鈥濇湭鍖呭惈鈥淪ourceServer鈥濈殑瀹氫箟锛屽苟涓旀壘涓嶅埌鍙帴鍙楃涓€涓€淩eplicationFailureLog鈥濈被鍨嬪弬鏁扮殑鍙闂墿灞曟柟娉曗€淪ourceServer鈥?鏄惁缂哄皯 using 鎸囦护鎴栫▼搴忛泦寮曠敤?) [C:\Users\huangjian\source\repos\DataBaseAsync\DataBaseAsync\DataBaseAsync.csproj]
C:\Users\huangjian\source\repos\DataBaseAsync\DataBaseAsync\LeaderDbContext.cs(97,40): error CS1061: 鈥淩eplicationFailureLog鈥濇湭鍖呭惈鈥淥riginalOperationId鈥濈殑瀹氫箟锛屽苟涓旀壘涓嶅埌鍙帴鍙楃涓€涓€淩eplicationFailureLog鈥濈被鍨嬪弬鏁扮殑鍙闂墿灞曟柟娉曗€淥riginalOperationId鈥?鏄惁缂哄皯 using 鎸囦护鎴栫▼搴忛泦寮曠敤?) [C:\Users\huangjian\source\repos\DataBaseAsync\DataBaseAsync\DataBaseAsync.csproj]
C:\Users\huangjian\source\repos\DataBaseAsync\DataBaseAsync\LeaderDbContext.cs(98,40): error CS1061: 鈥淩eplicationFailureLog鈥濇湭鍖呭惈鈥淒irection鈥濈殑瀹氫箟锛屽苟涓旀壘涓嶅埌鍙帴鍙楃涓€涓€淩eplicationFailureLog鈥濈被鍨嬪弬鏁扮殑鍙闂墿灞曟柟娉曗€淒irection鈥?鏄惁缂哄皯 using 鎸囦护鎴栫▼搴忛泦寮曠敤?) [C:\Users\huangjian\source\repos\DataBaseAsync\DataBaseAsync\DataBaseAsync.csproj]
C:\Users\huangjian\source\repos\DataBaseAsync\DataBaseAsync\LeaderDbContext.cs(107,40): error CS1061: 鈥淪yncProgress鈥濇湭鍖呭惈鈥淪ourceServer鈥濈殑瀹氫箟锛屽苟涓旀壘涓嶅埌鍙帴鍙楃涓€涓€淪yncProgress鈥濈被鍨嬪弬鏁扮殑鍙闂墿灞曟柟娉曗€淪ourceServer鈥?鏄惁缂哄皯 using 鎸囦护鎴栫▼搴忛泦寮曠敤?) [C:\Users\huangjian\source\repos\DataBaseAsync\DataBaseAsync\DataBaseAsync.csproj]
C:\Users\huangjian\source\repos\DataBaseAsync\DataBaseAsync\LeaderDbContext.cs(108,40): error CS1061: 鈥淪yncProgress鈥濇湭鍖呭惈鈥淭argetServer鈥濈殑瀹氫箟锛屽苟涓旀壘涓嶅埌鍙帴鍙楃涓€涓€淪yncProgress鈥濈被鍨嬪弬鏁扮殑鍙闂墿灞曟柟娉曗€淭argetServer鈥?鏄惁缂哄皯 using 鎸囦护鎴栫▼搴忛泦寮曠敤?) [C:\Users\huangjian\source\repos\DataBaseAsync\DataBaseAsync\DataBaseAsync.csproj]
C:\Users\huangjian\source\repos\DataBaseAsync\DataBaseAsync\LeaderDbContext.cs(109,40): error CS1061: 鈥淪yncProgress鈥濇湭鍖呭惈鈥淟astSyncedLogId鈥濈殑瀹氫箟锛屽苟涓旀壘涓嶅埌鍙帴鍙楃涓€涓€淪yncProgress鈥濈被鍨嬪弬鏁扮殑鍙闂墿灞曟柟娉曗€淟astSyncedLogId鈥?鏄惁缂哄皯 using 鎸囦护鎴栫▼搴忛泦寮曠敤?) [C:\Users\huangjian\source\repos\DataBaseAsync\DataBaseAsync\DataBaseAsync.csproj]
C:\Users\huangjian\source\repos\DataBaseAsync\DataBaseAsync\LeaderDbContext.cs(111,40): error CS1061: 鈥淪yncProgress鈥濇湭鍖呭惈鈥淒irection鈥濈殑瀹氫箟锛屽苟涓旀壘涓嶅埌鍙帴鍙楃涓€涓€淪yncProgress鈥濈被鍨嬪弬鏁扮殑鍙闂墿灞曟柟娉曗€淒irection鈥?鏄惁缂哄皯 using 鎸囦护鎴栫▼搴忛泦寮曠敤?) [C:\Users\huangjian\source\repos\DataBaseAsync\DataBaseAsync\DataBaseAsync.csproj]
C:\Users\huangjian\source\repos\DataBaseAsync\DataBaseAsync\LeaderDbContext.cs(112,40): error CS1061: 鈥淪yncProgress鈥濇湭鍖呭惈鈥淚sActive鈥濈殑瀹氫箟锛屽苟涓旀壘涓嶅埌鍙帴鍙楃涓€涓€淪yncProgress鈥濈被鍨嬪弬鏁扮殑鍙闂墿灞曟柟娉曗€淚sActive鈥?鏄惁缂哄皯 using 鎸囦护鎴栫▼搴忛泦寮曠敤?) [C:\Users\huangjian\source\repos\DataBaseAsync\DataBaseAsync\DataBaseAsync.csproj]
C:\Users\huangjian\source\repos\DataBaseAsync\DataBaseAsync\LeaderDbContext.cs(115,59): error CS1061: 鈥淪yncProgress鈥濇湭鍖呭惈鈥淪ourceServer鈥濈殑瀹氫箟锛屽苟涓旀壘涓嶅埌鍙帴鍙楃涓€涓€淪yncProgress鈥濈被鍨嬪弬鏁扮殑鍙闂墿灞曟柟娉曗€淪ourceServer鈥?鏄惁缂哄皯 using 鎸囦护鎴栫▼搴忛泦寮曠敤?) [C:\Users\huangjian\source\repos\DataBaseAsync\DataBaseAsync\DataBaseAsync.csproj]
C:\Users\huangjian\source\repos\DataBaseAsync\DataBaseAsync\LeaderDbContext.cs(115,75): error CS1061: 鈥淪yncProgress鈥濇湭鍖呭惈鈥淭argetServer鈥濈殑瀹氫箟锛屽苟涓旀壘涓嶅埌鍙帴鍙楃涓€涓€淪yncProgress鈥濈被鍨嬪弬鏁扮殑鍙闂墿灞曟柟娉曗€淭argetServer鈥?鏄惁缂哄皯 using 鎸囦护鎴栫▼搴忛泦寮曠敤?) [C:\Users\huangjian\source\repos\DataBaseAsync\DataBaseAsync\DataBaseAsync.csproj]
C:\Users\huangjian\source\repos\DataBaseAsync\DataBaseAsync\LeaderDbContext.cs(115,91): error CS1061: 鈥淪yncProgress鈥濇湭鍖呭惈鈥淒irection鈥濈殑瀹氫箟锛屽苟涓旀壘涓嶅埌鍙帴鍙楃涓€涓€淪yncProgress鈥濈被鍨嬪弬鏁扮殑鍙闂墿灞曟柟娉曗€淒irection鈥?鏄惁缂哄皯 using 鎸囦护鎴栫▼搴忛泦寮曠敤?) [C:\Users\huangjian\source\repos\DataBaseAsync\DataBaseAsync\DataBaseAsync.csproj]
C:\Users\huangjian\source\repos\DataBaseAsync\DataBaseAsync\FollowerDbContext.cs(95,40): error CS1061: 鈥淩eplicationFailureLog鈥濇湭鍖呭惈鈥淔irstFailureTime鈥濈殑瀹氫箟锛屽苟涓旀壘涓嶅埌鍙帴鍙楃涓€涓€淩eplicationFailureLog鈥濈被鍨嬪弬鏁扮殑鍙闂墿灞曟柟娉曗€淔irstFailureTime鈥?鏄惁缂哄皯 using 鎸囦护鎴栫▼搴忛泦寮曠敤?) [C:\Users\huangjian\source\repos\DataBaseAsync\DataBaseAsync\DataBaseAsync.csproj]
C:\Users\huangjian\source\repos\DataBaseAsync\DataBaseAsync\FollowerDbContext.cs(96,40): error CS1061: 鈥淩eplicationFailureLog鈥濇湭鍖呭惈鈥淟astFailureTime鈥濈殑瀹氫箟锛屽苟涓旀壘涓嶅埌鍙帴鍙楃涓€涓€淩eplicationFailureLog鈥濈被鍨嬪弬鏁扮殑鍙闂墿灞曟柟娉曗€淟astFailureTime鈥?鏄惁缂哄皯 using 鎸囦护鎴栫▼搴忛泦寮曠敤?) [C:\Users\huangjian\source\repos\DataBaseAsync\DataBaseAsync\DataBaseAsync.csproj]
C:\Users\huangjian\source\repos\DataBaseAsync\DataBaseAsync\FollowerDbContext.cs(97,40): error CS1061: 鈥淩eplicationFailureLog鈥濇湭鍖呭惈鈥淪ourceServer鈥濈殑瀹氫箟锛屽苟涓旀壘涓嶅埌鍙帴鍙楃涓€涓€淩eplicationFailureLog鈥濈被鍨嬪弬鏁扮殑鍙闂墿灞曟柟娉曗€淪ourceServer鈥?鏄惁缂哄皯 using 鎸囦护鎴栫▼搴忛泦寮曠敤?) [C:\Users\huangjian\source\repos\DataBaseAsync\DataBaseAsync\DataBaseAsync.csproj]
C:\Users\huangjian\source\repos\DataBaseAsync\DataBaseAsync\FollowerDbContext.cs(98,40): error CS1061: 鈥淩eplicationFailureLog鈥濇湭鍖呭惈鈥淭argetServer鈥濈殑瀹氫箟锛屽苟涓旀壘涓嶅埌鍙帴鍙楃涓€涓€淩eplicationFailureLog鈥濈被鍨嬪弬鏁扮殑鍙闂墿灞曟柟娉曗€淭argetServer鈥?鏄惁缂哄皯 using 鎸囦护鎴栫▼搴忛泦寮曠敤?) [C:\Users\huangjian\source\repos\DataBaseAsync\DataBaseAsync\DataBaseAsync.csproj]
C:\Users\huangjian\source\repos\DataBaseAsync\DataBaseAsync\FollowerDbContext.cs(99,40): error CS1061: 鈥淩eplicationFailureLog鈥濇湭鍖呭惈鈥淥perationId鈥濈殑瀹氫箟锛屽苟涓旀壘涓嶅埌鍙帴鍙楃涓€涓€淩eplicationFailureLog鈥濈被鍨嬪弬鏁扮殑鍙闂墿灞曟柟娉曗€淥perationId鈥?鏄惁缂哄皯 using 鎸囦护鎴栫▼搴忛泦寮曠敤?) [C:\Users\huangjian\source\repos\DataBaseAsync\DataBaseAsync\DataBaseAsync.csproj]
C:\Users\huangjian\source\repos\DataBaseAsync\DataBaseAsync\FollowerDbContext.cs(108,40): error CS1061: 鈥淪yncProgress鈥濇湭鍖呭惈鈥淪ourceServer鈥濈殑瀹氫箟锛屽苟涓旀壘涓嶅埌鍙帴鍙楃涓€涓€淪yncProgress鈥濈被鍨嬪弬鏁扮殑鍙闂墿灞曟柟娉曗€淪ourceServer鈥?鏄惁缂哄皯 using 鎸囦护鎴栫▼搴忛泦寮曠敤?) [C:\Users\huangjian\source\repos\DataBaseAsync\DataBaseAsync\DataBaseAsync.csproj]
C:\Users\huangjian\source\repos\DataBaseAsync\DataBaseAsync\FollowerDbContext.cs(109,40): error CS1061: 鈥淪yncProgress鈥濇湭鍖呭惈鈥淭argetServer鈥濈殑瀹氫箟锛屽苟涓旀壘涓嶅埌鍙帴鍙楃涓€涓€淪yncProgress鈥濈被鍨嬪弬鏁扮殑鍙闂墿灞曟柟娉曗€淭argetServer鈥?鏄惁缂哄皯 using 鎸囦护鎴栫▼搴忛泦寮曠敤?) [C:\Users\huangjian\source\repos\DataBaseAsync\DataBaseAsync\DataBaseAsync.csproj]
C:\Users\huangjian\source\repos\DataBaseAsync\DataBaseAsync\FollowerDbContext.cs(110,40): error CS1061: 鈥淪yncProgress鈥濇湭鍖呭惈鈥淟astSyncedLogId鈥濈殑瀹氫箟锛屽苟涓旀壘涓嶅埌鍙帴鍙楃涓€涓€淪yncProgress鈥濈被鍨嬪弬鏁扮殑鍙闂墿灞曟柟娉曗€淟astSyncedLogId鈥?鏄惁缂哄皯 using 鎸囦护鎴栫▼搴忛泦寮曠敤?) [C:\Users\huangjian\source\repos\DataBaseAsync\DataBaseAsync\DataBaseAsync.csproj]
C:\Users\huangjian\source\repos\DataBaseAsync\DataBaseAsync\FollowerDbContext.cs(112,40): error CS1061: 鈥淪yncProgress鈥濇湭鍖呭惈鈥淐reatedTime鈥濈殑瀹氫箟锛屽苟涓旀壘涓嶅埌鍙帴鍙楃涓€涓€淪yncProgress鈥濈被鍨嬪弬鏁扮殑鍙闂墿灞曟柟娉曗€淐reatedTime鈥?鏄惁缂哄皯 using 鎸囦护鎴栫▼搴忛泦寮曠敤?) [C:\Users\huangjian\source\repos\DataBaseAsync\DataBaseAsync\DataBaseAsync.csproj]
C:\Users\huangjian\source\repos\DataBaseAsync\DataBaseAsync\FollowerDbContext.cs(113,40): error CS1061: 鈥淪yncProgress鈥濇湭鍖呭惈鈥淯pdatedTime鈥濈殑瀹氫箟锛屽苟涓旀壘涓嶅埌鍙帴鍙楃涓€涓€淪yncProgress鈥濈被鍨嬪弬鏁扮殑鍙闂墿灞曟柟娉曗€淯pdatedTime鈥?鏄惁缂哄皯 using 鎸囦护鎴栫▼搴忛泦寮曠敤?) [C:\Users\huangjian\source\repos\DataBaseAsync\DataBaseAsync\DataBaseAsync.csproj]
C:\Users\huangjian\source\repos\DataBaseAsync\DataBaseAsync\FollowerDbContext.cs(114,59): error CS1061: 鈥淪yncProgress鈥濇湭鍖呭惈鈥淪ourceServer鈥濈殑瀹氫箟锛屽苟涓旀壘涓嶅埌鍙帴鍙楃涓€涓€淪yncProgress鈥濈被鍨嬪弬鏁扮殑鍙闂墿灞曟柟娉曗€淪ourceServer鈥?鏄惁缂哄皯 using 鎸囦护鎴栫▼搴忛泦寮曠敤?) [C:\Users\huangjian\source\repos\DataBaseAsync\DataBaseAsync\DataBaseAsync.csproj]
C:\Users\huangjian\source\repos\DataBaseAsync\DataBaseAsync\FollowerDbContext.cs(114,75): error CS1061: 鈥淪yncProgress鈥濇湭鍖呭惈鈥淭argetServer鈥濈殑瀹氫箟锛屽苟涓旀壘涓嶅埌鍙帴鍙楃涓€涓€淪yncProgress鈥濈被鍨嬪弬鏁扮殑鍙闂墿灞曟柟娉曗€淭argetServer鈥?鏄惁缂哄皯 using 鎸囦护鎴栫▼搴忛泦寮曠敤?) [C:\Users\huangjian\source\repos\DataBaseAsync\DataBaseAsync\DataBaseAsync.csproj]
    13 涓鍛?
    25 涓敊璇?

宸茬敤鏃堕棿 00:00:01.14
